[2026-09-16T08:27:40] predictions rows 192377
[2026-09-16T08:27:40] shape_office schedule_slip_gt90 24 recipient_uei: n_groups=1623 r=0.078 auc_resid=0.532
[2026-09-16T08:27:41] shape_office schedule_slip_gt90 24 recipient_parent_uei: n_groups=1446 r=0.085 auc_resid=0.529
[2026-09-16T08:27:41] shape_office schedule_slip_gt90 24 recipient_name_norm: n_groups=1579 r=0.076 auc_resid=0.526
[2026-09-16T08:27:42] shape_office schedule_slip_gt90 24 awarding_office_code: n_groups=676 r=0.150 auc_resid=0.552
[2026-09-16T08:27:45] shape_office schedule_slip_gt90 24: decomposition contractor share=0.1109 office share=0.0409
[2026-09-16T08:27:47] shape_office schedule_slip_gt90 24: pairs acc=0.5191 null=0.4912 n_disc=28544
[2026-09-16T08:27:47] shape_office schedule_slip_gt90 24: placebo r mean=0.0089
[2026-09-16T08:27:48] shape_office schedule_slip_gt90 36 recipient_uei: n_groups=1623 r=0.088 auc_resid=0.541
[2026-09-16T08:27:48] shape_office schedule_slip_gt90 36 recipient_parent_uei: n_groups=1446 r=0.092 auc_resid=0.545
[2026-09-16T08:27:49] shape_office schedule_slip_gt90 36 recipient_name_norm: n_groups=1579 r=0.093 auc_resid=0.529
[2026-09-16T08:27:49] shape_office schedule_slip_gt90 36 awarding_office_code: n_groups=676 r=0.147 auc_resid=0.532
[2026-09-16T08:27:52] shape_office schedule_slip_gt90 36: decomposition contractor share=0.1227 office share=0.0434
[2026-09-16T08:27:54] shape_office schedule_slip_gt90 36: pairs acc=0.5505 null=0.4893 n_disc=25197
[2026-09-16T08:27:55] shape_office schedule_slip_gt90 36: placebo r mean=-0.0020
[2026-09-16T08:27:55] shape_office schedule_slip_gt365 24 recipient_uei: n_groups=1623 r=0.055 auc_resid=0.528
[2026-09-16T08:27:56] shape_office schedule_slip_gt365 24 recipient_parent_uei: n_groups=1446 r=0.053 auc_resid=0.518
[2026-09-16T08:27:56] shape_office schedule_slip_gt365 24 recipient_name_norm: n_groups=1579 r=0.052 auc_resid=0.521
[2026-09-16T08:27:57] shape_office schedule_slip_gt365 24 awarding_office_code: n_groups=676 r=0.095 auc_resid=0.557
[2026-09-16T08:28:00] shape_office schedule_slip_gt365 24: decomposition contractor share=0.1008 office share=0.0374
[2026-09-16T08:28:01] shape_office schedule_slip_gt365 24: pairs acc=0.5080 null=0.4924 n_disc=16062
[2026-09-16T08:28:02] shape_office schedule_slip_gt365 24: placebo r mean=0.0108
[2026-09-16T08:28:03] shape_office schedule_slip_gt365 36 recipient_uei: n_groups=1623 r=0.064 auc_resid=0.534
[2026-09-16T08:28:03] shape_office schedule_slip_gt365 36 recipient_parent_uei: n_groups=1446 r=0.080 auc_resid=0.537
[2026-09-16T08:28:03] shape_office schedule_slip_gt365 36 recipient_name_norm: n_groups=1579 r=0.076 auc_resid=0.530
[2026-09-16T08:28:04] shape_office schedule_slip_gt365 36 awarding_office_code: n_groups=676 r=0.142 auc_resid=0.535
[2026-09-16T08:28:07] shape_office schedule_slip_gt365 36: decomposition contractor share=0.1100 office share=0.0401
[2026-09-16T08:28:08] shape_office schedule_slip_gt365 36: pairs acc=0.5280 null=0.4987 n_disc=22402
[2026-09-16T08:28:09] shape_office schedule_slip_gt365 36: placebo r mean=0.0028
[2026-09-16T08:28:09] done in 29s
