[2026-09-16T08:26:34] FY2010 parquet already present, reusing
[2026-09-16T08:26:36] FY2011 url=https://files.usaspending.gov/award_data_archive/FY2011_All_Contracts_Full_20260906.zip size=1155882730
[2026-09-16T08:26:41] FY2011 5/69 chunks 84/1156 MB 15.19 MB/s elapsed 6s
[2026-09-16T08:26:44] FY2011 10/69 chunks 168/1156 MB 20.18 MB/s elapsed 8s
[2026-09-16T08:26:48] FY2011 15/69 chunks 252/1156 MB 20.58 MB/s elapsed 12s
[2026-09-16T08:26:51] FY2011 20/69 chunks 336/1156 MB 21.93 MB/s elapsed 15s
[2026-09-16T08:26:54] FY2011 25/69 chunks 419/1156 MB 23.45 MB/s elapsed 18s
[2026-09-16T08:26:58] FY2011 30/69 chunks 503/1156 MB 22.91 MB/s elapsed 22s
[2026-09-16T08:27:01] FY2011 35/69 chunks 587/1156 MB 23.30 MB/s elapsed 25s
[2026-09-16T08:27:03] FY2011 40/69 chunks 671/1156 MB 24.45 MB/s elapsed 27s
[2026-09-16T08:27:07] FY2011 45/69 chunks 755/1156 MB 24.32 MB/s elapsed 31s
[2026-09-16T08:27:11] FY2011 50/69 chunks 839/1156 MB 23.97 MB/s elapsed 35s
[2026-09-16T08:27:14] FY2011 55/69 chunks 923/1156 MB 23.84 MB/s elapsed 39s
[2026-09-16T08:27:19] FY2011 60/69 chunks 1007/1156 MB 23.26 MB/s elapsed 43s
[2026-09-16T08:27:21] FY2011 65/69 chunks 1091/1156 MB 24.14 MB/s elapsed 45s
[2026-09-16T08:27:23] FY2011 69/69 chunks 1156/1156 MB 24.63 MB/s elapsed 47s
[2026-09-16T08:27:23] FY2011 download complete in 47s -> /Users/maxghenis/ThesisInstitute/procurement/data/raw/bidders_us/zips/FY2011_All_Contracts_Full.zip
[2026-09-16T08:27:23] FY2011 kept-order set from earlier years: 72239
[2026-09-16T08:27:23] FY2011 archive members ['FY2011_All_Contracts_Full_20260906_1.csv', 'FY2011_All_Contracts_Full_20260906_2.csv', 'FY2011_All_Contracts_Full_20260906_3.csv', 'FY2011_All_Contracts_Full_20260906_4.csv']
[2026-09-16T08:27:24] FY2012 url=https://files.usaspending.gov/award_data_archive/FY2012_All_Contracts_Full_20260906.zip size=1089402947
[2026-09-16T08:27:39] FY2012 5/65 chunks 84/1089 MB 5.65 MB/s elapsed 15s
[2026-09-16T08:27:42] FY2012 10/65 chunks 168/1089 MB 9.44 MB/s elapsed 18s
[2026-09-16T08:27:47] FY2011 scanned 2000000 rows
[2026-09-16T08:27:49] FY2012 15/65 chunks 252/1089 MB 10.22 MB/s elapsed 25s
[2026-09-16T08:27:52] FY2012 20/65 chunks 336/1089 MB 12.17 MB/s elapsed 28s
[2026-09-16T08:27:58] FY2012 25/65 chunks 419/1089 MB 12.40 MB/s elapsed 34s
[2026-09-16T08:28:01] FY2012 30/65 chunks 503/1089 MB 13.51 MB/s elapsed 37s
[2026-09-16T08:28:09] FY2011 {"archive_rows_all_types": 3408506, "rows_type_C": 1761089, "base_actions": 1204055, "base_actions_at_or_above_threshold": 65506, "base_actions_with_parent": 1204055, "distinct_vehicles_all_sizes": 70138, "fiscal_year": 2011, "new_orders_kept_this_year": 65199, "rows_kept": 186214, "rows_kept_base": 66655, "parquet_bytes": 11276129, "seconds_parse": 46.5}
[2026-09-16T08:28:09] FY2011 zip deleted
[2026-09-16T08:28:10] FY2012 35/65 chunks 587/1089 MB 12.89 MB/s elapsed 46s
[2026-09-16T08:28:13] FY2012 40/65 chunks 671/1089 MB 13.79 MB/s elapsed 49s
[2026-09-16T08:28:15] FY2012 45/65 chunks 755/1089 MB 14.85 MB/s elapsed 51s
[2026-09-16T08:28:19] FY2012 50/65 chunks 839/1089 MB 15.38 MB/s elapsed 55s
[2026-09-16T08:28:21] FY2012 55/65 chunks 923/1089 MB 16.10 MB/s elapsed 57s
[2026-09-16T08:28:24] FY2012 60/65 chunks 1007/1089 MB 16.71 MB/s elapsed 60s
[2026-09-16T08:28:27] FY2012 65/65 chunks 1089/1089 MB 17.27 MB/s elapsed 63s
[2026-09-16T08:28:27] FY2012 download complete in 63s -> /Users/maxghenis/ThesisInstitute/procurement/data/raw/bidders_us/zips/FY2012_All_Contracts_Full.zip
[2026-09-16T08:28:27] FY2012 kept-order set from earlier years: 137437
[2026-09-16T08:28:27] FY2012 archive members ['FY2012_All_Contracts_Full_20260907_1.csv', 'FY2012_All_Contracts_Full_20260907_2.csv', 'FY2012_All_Contracts_Full_20260907_3.csv', 'FY2012_All_Contracts_Full_20260907_4.csv']
[2026-09-16T08:28:30] FY2013 url=https://files.usaspending.gov/award_data_archive/FY2013_All_Contracts_Full_20260906.zip size=886907109
[2026-09-16T08:28:37] FY2013 5/53 chunks 84/887 MB 13.04 MB/s elapsed 6s
[2026-09-16T08:28:44] FY2013 10/53 chunks 168/887 MB 12.28 MB/s elapsed 14s
[2026-09-16T08:28:49] FY2013 15/53 chunks 252/887 MB 13.17 MB/s elapsed 19s
[2026-09-16T08:28:52] FY2013 20/53 chunks 336/887 MB 15.50 MB/s elapsed 22s
[2026-09-16T08:28:53] FY2012 scanned 2000000 rows
[2026-09-16T08:29:03] FY2013 25/53 chunks 419/887 MB 12.82 MB/s elapsed 33s
[2026-09-16T08:29:06] FY2013 30/53 chunks 503/887 MB 13.82 MB/s elapsed 36s
[2026-09-16T08:29:12] FY2012 {"archive_rows_all_types": 3129630, "rows_type_C": 1599188, "base_actions": 1071915, "base_actions_at_or_above_threshold": 61939, "base_actions_with_parent": 1071915, "distinct_vehicles_all_sizes": 61182, "fiscal_year": 2012, "new_orders_kept_this_year": 61718, "rows_kept": 206792, "rows_kept_base": 62865, "parquet_bytes": 12531567, "seconds_parse": 45.3}
[2026-09-16T08:29:12] FY2012 zip deleted
[2026-09-16T08:29:13] FY2013 35/53 chunks 587/887 MB 13.68 MB/s elapsed 43s
[2026-09-16T08:29:16] FY2013 40/53 chunks 671/887 MB 14.53 MB/s elapsed 46s
[2026-09-16T08:29:18] FY2013 45/53 chunks 755/887 MB 15.67 MB/s elapsed 48s
[2026-09-16T08:29:22] FY2013 50/53 chunks 837/887 MB 16.10 MB/s elapsed 52s
[2026-09-16T08:29:23] FY2013 53/53 chunks 887/887 MB 16.60 MB/s elapsed 53s
[2026-09-16T08:29:23] FY2013 download complete in 53s -> /Users/maxghenis/ThesisInstitute/procurement/data/raw/bidders_us/zips/FY2013_All_Contracts_Full.zip
[2026-09-16T08:29:24] FY2013 kept-order set from earlier years: 199155
[2026-09-16T08:29:24] FY2013 archive members ['FY2013_All_Contracts_Full_20260907_1.csv', 'FY2013_All_Contracts_Full_20260907_2.csv', 'FY2013_All_Contracts_Full_20260907_3.csv']
[2026-09-16T08:29:25] FY2014 url=https://files.usaspending.gov/award_data_archive/FY2014_All_Contracts_Full_20260906.zip size=893241632
[2026-09-16T08:29:35] FY2014 5/54 chunks 84/893 MB 8.08 MB/s elapsed 10s
[2026-09-16T08:29:43] FY2014 10/54 chunks 168/893 MB 9.12 MB/s elapsed 18s
[2026-09-16T08:29:46] FY2014 15/54 chunks 252/893 MB 11.65 MB/s elapsed 22s
[2026-09-16T08:29:51] FY2013 scanned 2000000 rows
[2026-09-16T08:29:58] FY2014 20/54 chunks 336/893 MB 10.13 MB/s elapsed 33s
[2026-09-16T08:30:02] FY2013 {"archive_rows_all_types": 2515087, "rows_type_C": 1209246, "base_actions": 731215, "base_actions_at_or_above_threshold": 53475, "base_actions_with_parent": 731215, "distinct_vehicles_all_sizes": 56132, "fiscal_year": 2013, "new_orders_kept_this_year": 53325, "rows_kept": 210871, "rows_kept_base": 54002, "parquet_bytes": 12698947, "seconds_parse": 38.5}
[2026-09-16T08:30:02] FY2013 zip deleted
[2026-09-16T08:30:02] FY2014 25/54 chunks 419/893 MB 11.17 MB/s elapsed 38s
[2026-09-16T08:30:05] FY2014 30/54 chunks 503/893 MB 12.47 MB/s elapsed 40s
[2026-09-16T08:30:08] FY2014 35/54 chunks 587/893 MB 13.69 MB/s elapsed 43s
[2026-09-16T08:30:12] FY2014 40/54 chunks 671/893 MB 14.19 MB/s elapsed 47s
[2026-09-16T08:30:15] FY2014 45/54 chunks 755/893 MB 15.18 MB/s elapsed 50s
[2026-09-16T08:30:17] FY2014 50/54 chunks 826/893 MB 15.74 MB/s elapsed 52s
[2026-09-16T08:30:19] FY2014 54/54 chunks 893/893 MB 16.60 MB/s elapsed 54s
[2026-09-16T08:30:19] FY2014 download complete in 54s -> /Users/maxghenis/ThesisInstitute/procurement/data/raw/bidders_us/zips/FY2014_All_Contracts_Full.zip
[2026-09-16T08:30:19] FY2014 kept-order set from earlier years: 252479
[2026-09-16T08:30:19] FY2014 archive members ['FY2014_All_Contracts_Full_20260907_1.csv', 'FY2014_All_Contracts_Full_20260907_2.csv', 'FY2014_All_Contracts_Full_20260907_3.csv']
[2026-09-16T08:30:20] FY2015 url=https://files.usaspending.gov/award_data_archive/FY2015_All_Contracts_Full_20260906.zip size=1312877476
[2026-09-16T08:30:33] FY2015 5/79 chunks 84/1313 MB 6.24 MB/s elapsed 13s
[2026-09-16T08:30:36] FY2015 10/79 chunks 168/1313 MB 10.51 MB/s elapsed 16s
[2026-09-16T08:30:40] FY2015 15/79 chunks 252/1313 MB 12.12 MB/s elapsed 21s
[2026-09-16T08:30:45] FY2014 scanned 2000000 rows
[2026-09-16T08:30:47] FY2015 20/79 chunks 336/1313 MB 12.41 MB/s elapsed 27s
[2026-09-16T08:30:56] FY2015 25/79 chunks 419/1313 MB 11.65 MB/s elapsed 36s
[2026-09-16T08:30:57] FY2014 {"archive_rows_all_types": 2528542, "rows_type_C": 1228713, "base_actions": 769261, "base_actions_at_or_above_threshold": 58602, "base_actions_with_parent": 769261, "distinct_vehicles_all_sizes": 55212, "fiscal_year": 2014, "new_orders_kept_this_year": 58441, "rows_kept": 216510, "rows_kept_base": 59200, "parquet_bytes": 13238746, "seconds_parse": 38.0}
[2026-09-16T08:30:57] FY2014 zip deleted
[2026-09-16T08:30:58] FY2015 30/79 chunks 503/1313 MB 13.29 MB/s elapsed 38s
[2026-09-16T08:31:00] FY2015 35/79 chunks 587/1313 MB 14.45 MB/s elapsed 41s
[2026-09-16T08:31:05] FY2015 40/79 chunks 671/1313 MB 14.93 MB/s elapsed 45s
[2026-09-16T08:31:08] FY2015 45/79 chunks 755/1313 MB 15.48 MB/s elapsed 49s
[2026-09-16T08:31:11] FY2015 50/79 chunks 839/1313 MB 16.35 MB/s elapsed 51s
[2026-09-16T08:31:15] FY2015 55/79 chunks 923/1313 MB 16.83 MB/s elapsed 55s
[2026-09-16T08:31:17] FY2015 60/79 chunks 1007/1313 MB 17.57 MB/s elapsed 57s
[2026-09-16T08:31:20] FY2015 65/79 chunks 1091/1313 MB 18.05 MB/s elapsed 60s
[2026-09-16T08:31:24] FY2015 70/79 chunks 1174/1313 MB 18.18 MB/s elapsed 65s
[2026-09-16T08:31:26] FY2015 75/79 chunks 1258/1313 MB 18.98 MB/s elapsed 66s
[2026-09-16T08:31:28] FY2015 79/79 chunks 1313/1313 MB 19.29 MB/s elapsed 68s
[2026-09-16T08:31:28] FY2015 download complete in 68s -> /Users/maxghenis/ThesisInstitute/procurement/data/raw/bidders_us/zips/FY2015_All_Contracts_Full.zip
[2026-09-16T08:31:28] FY2015 kept-order set from earlier years: 310920
[2026-09-16T08:31:28] FY2015 archive members ['FY2015_All_Contracts_Full_20260906_1.csv', 'FY2015_All_Contracts_Full_20260906_2.csv', 'FY2015_All_Contracts_Full_20260906_3.csv', 'FY2015_All_Contracts_Full_20260906_4.csv', 'FY2015_All_Contracts_Full_20260906_5.csv']
[2026-09-16T08:31:29] FY2016 url=https://files.usaspending.gov/award_data_archive/FY2016_All_Contracts_Full_20260906.zip size=1444770778
[2026-09-16T08:31:37] FY2016 5/87 chunks 84/1445 MB 10.16 MB/s elapsed 8s
[2026-09-16T08:31:42] FY2016 10/87 chunks 168/1445 MB 12.71 MB/s elapsed 13s
[2026-09-16T08:31:51] FY2016 15/87 chunks 252/1445 MB 11.34 MB/s elapsed 22s
[2026-09-16T08:31:54] FY2015 scanned 2000000 rows
[2026-09-16T08:31:55] FY2016 20/87 chunks 336/1445 MB 13.02 MB/s elapsed 26s
[2026-09-16T08:32:01] FY2016 25/87 chunks 419/1445 MB 12.96 MB/s elapsed 32s
[2026-09-16T08:32:06] FY2016 30/87 chunks 503/1445 MB 13.56 MB/s elapsed 37s
[2026-09-16T08:32:14] FY2016 35/87 chunks 587/1445 MB 13.01 MB/s elapsed 45s
[2026-09-16T08:32:20] FY2015 scanned 4000000 rows
[2026-09-16T08:32:20] FY2016 40/87 chunks 671/1445 MB 13.05 MB/s elapsed 51s
[2026-09-16T08:32:26] FY2016 45/87 chunks 755/1445 MB 13.12 MB/s elapsed 58s
[2026-09-16T08:32:30] FY2016 50/87 chunks 839/1445 MB 13.67 MB/s elapsed 61s
[2026-09-16T08:32:32] FY2015 {"archive_rows_all_types": 4375319, "rows_type_C": 2866091, "base_actions": 2387512, "base_actions_at_or_above_threshold": 57264, "base_actions_with_parent": 2387509, "distinct_vehicles_all_sizes": 57638, "fiscal_year": 2015, "new_orders_kept_this_year": 57078, "rows_kept": 224544, "rows_kept_base": 57935, "parquet_bytes": 13865315, "seconds_parse": 64.5}
[2026-09-16T08:32:32] FY2015 zip deleted
[2026-09-16T08:32:34] FY2016 55/87 chunks 923/1445 MB 14.09 MB/s elapsed 65s
[2026-09-16T08:32:37] FY2016 60/87 chunks 1007/1445 MB 14.70 MB/s elapsed 68s
[2026-09-16T08:32:41] FY2016 65/87 chunks 1091/1445 MB 15.20 MB/s elapsed 72s
[2026-09-16T08:32:45] FY2016 70/87 chunks 1174/1445 MB 15.50 MB/s elapsed 76s
[2026-09-16T08:32:47] FY2016 75/87 chunks 1258/1445 MB 16.02 MB/s elapsed 79s
[2026-09-16T08:32:51] FY2016 80/87 chunks 1342/1445 MB 16.36 MB/s elapsed 82s
[2026-09-16T08:32:53] FY2016 85/87 chunks 1411/1445 MB 16.80 MB/s elapsed 84s
[2026-09-16T08:32:54] FY2016 87/87 chunks 1445/1445 MB 16.88 MB/s elapsed 86s
[2026-09-16T08:32:54] FY2016 download complete in 86s -> /Users/maxghenis/ThesisInstitute/procurement/data/raw/bidders_us/zips/FY2016_All_Contracts_Full.zip
[2026-09-16T08:32:55] FY2016 kept-order set from earlier years: 367998
[2026-09-16T08:32:55] FY2016 archive members ['FY2016_All_Contracts_Full_20260907_1.csv', 'FY2016_All_Contracts_Full_20260907_2.csv', 'FY2016_All_Contracts_Full_20260907_3.csv', 'FY2016_All_Contracts_Full_20260907_4.csv', 'FY2016_All_Contracts_Full_20260907_5.csv']
[2026-09-16T08:32:57] FY2017 url=https://files.usaspending.gov/award_data_archive/FY2017_All_Contracts_Full_20260906.zip size=1503195992
[2026-09-16T08:33:08] FY2017 5/90 chunks 84/1503 MB 8.26 MB/s elapsed 10s
[2026-09-16T08:33:11] FY2017 10/90 chunks 168/1503 MB 12.70 MB/s elapsed 13s
[2026-09-16T08:33:17] FY2017 15/90 chunks 252/1503 MB 13.13 MB/s elapsed 19s
[2026-09-16T08:33:18] FY2016 scanned 2000000 rows
[2026-09-16T08:33:22] FY2017 20/90 chunks 336/1503 MB 13.71 MB/s elapsed 24s
[2026-09-16T08:33:25] FY2017 25/90 chunks 419/1503 MB 15.09 MB/s elapsed 28s
[2026-09-16T08:33:35] FY2017 30/90 chunks 503/1503 MB 13.31 MB/s elapsed 38s
[2026-09-16T08:33:39] FY2017 35/90 chunks 587/1503 MB 14.07 MB/s elapsed 42s
[2026-09-16T08:33:42] FY2016 scanned 4000000 rows
[2026-09-16T08:33:46] FY2017 40/90 chunks 671/1503 MB 13.97 MB/s elapsed 48s
[2026-09-16T08:33:53] FY2017 45/90 chunks 755/1503 MB 13.71 MB/s elapsed 55s
[2026-09-16T08:33:58] FY2016 {"archive_rows_all_types": 4821964, "rows_type_C": 3248823, "base_actions": 2761732, "base_actions_at_or_above_threshold": 58071, "base_actions_with_parent": 2761729, "distinct_vehicles_all_sizes": 55874, "fiscal_year": 2016, "new_orders_kept_this_year": 57873, "rows_kept": 227674, "rows_kept_base": 58700, "parquet_bytes": 14197601, "seconds_parse": 63.7}
[2026-09-16T08:33:58] FY2016 zip deleted
[2026-09-16T08:33:58] FY2017 50/90 chunks 839/1503 MB 13.78 MB/s elapsed 61s
[2026-09-16T08:34:03] FY2017 55/90 chunks 923/1503 MB 14.19 MB/s elapsed 65s
[2026-09-16T08:34:07] FY2017 60/90 chunks 1007/1503 MB 14.47 MB/s elapsed 70s
[2026-09-16T08:34:10] FY2017 65/90 chunks 1091/1503 MB 14.96 MB/s elapsed 73s
[2026-09-16T08:34:14] FY2017 70/90 chunks 1174/1503 MB 15.40 MB/s elapsed 76s
[2026-09-16T08:34:16] FY2017 75/90 chunks 1258/1503 MB 15.94 MB/s elapsed 79s
[2026-09-16T08:34:20] FY2017 80/90 chunks 1342/1503 MB 16.33 MB/s elapsed 82s
[2026-09-16T08:34:24] FY2017 85/90 chunks 1426/1503 MB 16.51 MB/s elapsed 86s
[2026-09-16T08:34:26] FY2017 90/90 chunks 1503/1503 MB 16.99 MB/s elapsed 89s
[2026-09-16T08:34:26] FY2017 download complete in 89s -> /Users/maxghenis/ThesisInstitute/procurement/data/raw/bidders_us/zips/FY2017_All_Contracts_Full.zip
[2026-09-16T08:34:26] FY2017 kept-order set from earlier years: 425870
[2026-09-16T08:34:26] FY2017 archive members ['FY2017_All_Contracts_Full_20260907_1.csv', 'FY2017_All_Contracts_Full_20260907_2.csv', 'FY2017_All_Contracts_Full_20260907_3.csv', 'FY2017_All_Contracts_Full_20260907_4.csv', 'FY2017_All_Contracts_Full_20260907_5.csv']
[2026-09-16T08:34:27] FY2018 url=https://files.usaspending.gov/award_data_archive/FY2018_All_Contracts_Full_20260906.zip size=1663749920
[2026-09-16T08:34:38] FY2018 5/100 chunks 84/1664 MB 7.54 MB/s elapsed 11s
[2026-09-16T08:34:44] FY2018 10/100 chunks 168/1664 MB 9.73 MB/s elapsed 17s
[2026-09-16T08:34:50] FY2017 scanned 2000000 rows
[2026-09-16T08:34:51] FY2018 15/100 chunks 252/1664 MB 10.69 MB/s elapsed 24s
[2026-09-16T08:34:54] FY2018 20/100 chunks 336/1664 MB 12.67 MB/s elapsed 26s
[2026-09-16T08:35:04] FY2018 25/100 chunks 419/1664 MB 11.51 MB/s elapsed 36s
[2026-09-16T08:35:06] FY2018 30/100 chunks 503/1664 MB 13.01 MB/s elapsed 39s
[2026-09-16T08:35:12] FY2018 35/100 chunks 587/1664 MB 13.06 MB/s elapsed 45s
[2026-09-16T08:35:14] FY2017 scanned 4000000 rows
[2026-09-16T08:35:18] FY2018 40/100 chunks 671/1664 MB 13.29 MB/s elapsed 50s
[2026-09-16T08:35:21] FY2018 45/100 chunks 755/1664 MB 13.93 MB/s elapsed 54s
[2026-09-16T08:35:29] FY2018 50/100 chunks 839/1664 MB 13.62 MB/s elapsed 62s
[2026-09-16T08:35:33] FY2018 55/100 chunks 923/1664 MB 14.10 MB/s elapsed 65s
[2026-09-16T08:35:33] FY2017 {"archive_rows_all_types": 4913345, "rows_type_C": 3287371, "base_actions": 2740703, "base_actions_at_or_above_threshold": 58798, "base_actions_with_parent": 2740695, "distinct_vehicles_all_sizes": 56577, "fiscal_year": 2017, "new_orders_kept_this_year": 58561, "rows_kept": 237984, "rows_kept_base": 59362, "parquet_bytes": 15383649, "seconds_parse": 67.2}
[2026-09-16T08:35:33] FY2017 zip deleted
[2026-09-16T08:35:35] FY2018 60/100 chunks 1007/1664 MB 14.75 MB/s elapsed 68s
[2026-09-16T08:35:39] FY2018 65/100 chunks 1091/1664 MB 15.08 MB/s elapsed 72s
[2026-09-16T08:35:43] FY2018 70/100 chunks 1174/1664 MB 15.43 MB/s elapsed 76s
[2026-09-16T08:35:48] FY2018 75/100 chunks 1258/1664 MB 15.63 MB/s elapsed 81s
[2026-09-16T08:35:51] FY2018 80/100 chunks 1342/1664 MB 16.02 MB/s elapsed 84s
[2026-09-16T08:35:55] FY2018 85/100 chunks 1426/1664 MB 16.28 MB/s elapsed 88s
[2026-09-16T08:35:56] FY2018 90/100 chunks 1510/1664 MB 16.91 MB/s elapsed 89s
[2026-09-16T08:36:01] FY2018 95/100 chunks 1580/1664 MB 16.77 MB/s elapsed 94s
[2026-09-16T08:36:03] FY2018 100/100 chunks 1664/1664 MB 17.38 MB/s elapsed 96s
[2026-09-16T08:36:03] FY2018 download complete in 96s -> /Users/maxghenis/ThesisInstitute/procurement/data/raw/bidders_us/zips/FY2018_All_Contracts_Full.zip
[2026-09-16T08:36:03] FY2018 kept-order set from earlier years: 484431
[2026-09-16T08:36:03] FY2018 archive members ['FY2018_All_Contracts_Full_20260907_1.csv', 'FY2018_All_Contracts_Full_20260907_2.csv', 'FY2018_All_Contracts_Full_20260907_3.csv', 'FY2018_All_Contracts_Full_20260907_4.csv', 'FY2018_All_Contracts_Full_20260907_5.csv', 'FY2018_All_Contracts_Full_20260907_6.csv']
[2026-09-16T08:36:07] FY2019 url=https://files.usaspending.gov/award_data_archive/FY2019_All_Contracts_Full_20260906.zip size=1912401330
[2026-09-16T08:36:20] FY2019 5/114 chunks 84/1912 MB 6.70 MB/s elapsed 13s
[2026-09-16T08:36:21] FY2019 10/114 chunks 168/1912 MB 12.65 MB/s elapsed 13s
[2026-09-16T08:36:29] FY2018 scanned 2000000 rows
[2026-09-16T08:36:30] FY2019 15/114 chunks 252/1912 MB 11.13 MB/s elapsed 23s
[2026-09-16T08:36:33] FY2019 20/114 chunks 336/1912 MB 13.09 MB/s elapsed 26s
[2026-09-16T08:36:38] FY2019 25/114 chunks 419/1912 MB 13.47 MB/s elapsed 31s
[2026-09-16T08:36:45] FY2019 30/114 chunks 503/1912 MB 13.39 MB/s elapsed 38s
[2026-09-16T08:36:49] FY2019 35/114 chunks 587/1912 MB 14.08 MB/s elapsed 42s
[2026-09-16T08:36:54] FY2018 scanned 4000000 rows
[2026-09-16T08:36:55] FY2019 40/114 chunks 671/1912 MB 14.11 MB/s elapsed 48s
[2026-09-16T08:37:03] FY2019 45/114 chunks 755/1912 MB 13.54 MB/s elapsed 56s
[2026-09-16T08:37:08] FY2019 50/114 chunks 839/1912 MB 13.74 MB/s elapsed 61s
[2026-09-16T08:37:10] FY2019 55/114 chunks 923/1912 MB 14.61 MB/s elapsed 63s
[2026-09-16T08:37:19] FY2019 60/114 chunks 1007/1912 MB 14.08 MB/s elapsed 71s
[2026-09-16T08:37:23] FY2018 {"archive_rows_all_types": 5619630, "rows_type_C": 4041224, "base_actions": 3543307, "base_actions_at_or_above_threshold": 64135, "base_actions_with_parent": 3543272, "distinct_vehicles_all_sizes": 57938, "fiscal_year": 2018, "new_orders_kept_this_year": 63862, "rows_kept": 247364, "rows_kept_base": 64709, "parquet_bytes": 16835278, "seconds_parse": 79.8}
[2026-09-16T08:37:23] FY2018 zip deleted
[2026-09-16T08:37:24] FY2019 65/114 chunks 1091/1912 MB 14.21 MB/s elapsed 77s
[2026-09-16T08:37:27] FY2019 70/114 chunks 1174/1912 MB 14.83 MB/s elapsed 79s
[2026-09-16T08:37:30] FY2019 75/114 chunks 1258/1912 MB 15.24 MB/s elapsed 83s
[2026-09-16T08:37:33] FY2019 80/114 chunks 1342/1912 MB 15.62 MB/s elapsed 86s
[2026-09-16T08:37:37] FY2019 85/114 chunks 1426/1912 MB 15.82 MB/s elapsed 90s
[2026-09-16T08:37:41] FY2019 90/114 chunks 1510/1912 MB 16.04 MB/s elapsed 94s
[2026-09-16T08:37:42] FY2019 95/114 chunks 1594/1912 MB 16.76 MB/s elapsed 95s
[2026-09-16T08:37:47] FY2019 100/114 chunks 1678/1912 MB 16.75 MB/s elapsed 100s
[2026-09-16T08:37:51] FY2019 105/114 chunks 1762/1912 MB 16.98 MB/s elapsed 104s
[2026-09-16T08:37:55] FY2019 110/114 chunks 1845/1912 MB 17.22 MB/s elapsed 107s
[2026-09-16T08:37:56] FY2019 114/114 chunks 1912/1912 MB 17.52 MB/s elapsed 109s
[2026-09-16T08:37:56] FY2019 download complete in 109s -> /Users/maxghenis/ThesisInstitute/procurement/data/raw/bidders_us/zips/FY2019_All_Contracts_Full.zip
[2026-09-16T08:37:57] FY2019 kept-order set from earlier years: 548293
[2026-09-16T08:37:57] FY2019 archive members ['FY2019_All_Contracts_Full_20260907_1.csv', 'FY2019_All_Contracts_Full_20260907_2.csv', 'FY2019_All_Contracts_Full_20260907_3.csv', 'FY2019_All_Contracts_Full_20260907_4.csv', 'FY2019_All_Contracts_Full_20260907_5.csv', 'FY2019_All_Contracts_Full_20260907_6.csv', 'FY2019_All_Contracts_Full_20260907_7.csv']
[2026-09-16T08:38:22] FY2019 scanned 2000000 rows
[2026-09-16T08:38:36] FY2020 DOWNLOAD ERROR could not size https://files.usaspending.gov/award_data_archive/FY2020_All_Contracts_Full_20260906.zip
[2026-09-16T08:38:48] FY2019 scanned 4000000 rows
[2026-09-16T08:39:11] FY2019 scanned 6000000 rows
[2026-09-16T08:39:25] FY2019 {"archive_rows_all_types": 6488828, "rows_type_C": 4389440, "base_actions": 3888167, "base_actions_at_or_above_threshold": 65077, "base_actions_with_parent": 3888165, "distinct_vehicles_all_sizes": 60647, "fiscal_year": 2019, "new_orders_kept_this_year": 64913, "rows_kept": 250129, "rows_kept_base": 65358, "parquet_bytes": 17351430, "seconds_parse": 88.2}
[2026-09-16T08:39:25] FY2019 zip deleted
[2026-09-16T08:39:25] FY2020 skipped after download error; stopping so later years are not parsed without this year's kept orders
[2026-09-16T08:39:26] FY2021 url=https://files.usaspending.gov/award_data_archive/FY2021_All_Contracts_Full_20260906.zip size=1951348561
[2026-09-16T08:39:31] FY2021 5/117 chunks 84/1951 MB 16.23 MB/s elapsed 5s
[2026-09-16T08:39:36] FY2021 10/117 chunks 168/1951 MB 17.21 MB/s elapsed 10s
[2026-09-16T08:39:42] FY2021 15/117 chunks 252/1951 MB 16.24 MB/s elapsed 15s
[2026-09-16T08:39:45] FY2021 20/117 chunks 336/1951 MB 18.26 MB/s elapsed 18s
[2026-09-16T08:39:48] FY2021 25/117 chunks 419/1951 MB 19.23 MB/s elapsed 22s
[2026-09-16T08:39:53] FY2021 30/117 chunks 503/1951 MB 18.85 MB/s elapsed 27s
[2026-09-16T08:39:58] FY2021 35/117 chunks 587/1951 MB 18.78 MB/s elapsed 31s
[2026-09-16T08:40:00] FY2021 40/117 chunks 671/1951 MB 19.68 MB/s elapsed 34s
[2026-09-16T08:40:05] FY2021 45/117 chunks 755/1951 MB 19.35 MB/s elapsed 39s
[2026-09-16T08:40:10] FY2021 50/117 chunks 839/1951 MB 19.24 MB/s elapsed 44s
[2026-09-16T08:40:14] FY2021 55/117 chunks 923/1951 MB 19.44 MB/s elapsed 47s
[2026-09-16T08:40:17] FY2021 60/117 chunks 1007/1951 MB 19.86 MB/s elapsed 51s
[2026-09-16T08:40:20] FY2021 65/117 chunks 1091/1951 MB 20.34 MB/s elapsed 54s
[2026-09-16T08:40:23] FY2021 70/117 chunks 1174/1951 MB 20.71 MB/s elapsed 57s
[2026-09-16T08:40:26] FY2021 75/117 chunks 1258/1951 MB 20.92 MB/s elapsed 60s
[2026-09-16T08:40:32] FY2021 80/117 chunks 1342/1951 MB 20.57 MB/s elapsed 65s
[2026-09-16T08:40:37] FY2021 85/117 chunks 1426/1951 MB 20.31 MB/s elapsed 70s
[2026-09-16T08:40:42] FY2021 90/117 chunks 1510/1951 MB 19.90 MB/s elapsed 76s
[2026-09-16T08:40:48] FY2021 95/117 chunks 1594/1951 MB 19.54 MB/s elapsed 82s
[2026-09-16T08:40:53] FY2021 100/117 chunks 1678/1951 MB 19.29 MB/s elapsed 87s
[2026-09-16T08:40:59] FY2021 105/117 chunks 1762/1951 MB 18.91 MB/s elapsed 93s
[2026-09-16T08:41:03] FY2021 110/117 chunks 1845/1951 MB 19.00 MB/s elapsed 97s
[2026-09-16T08:41:08] FY2021 115/117 chunks 1929/1951 MB 19.03 MB/s elapsed 101s
[2026-09-16T08:42:03] FY2021 117/117 chunks 1951/1951 MB 12.49 MB/s elapsed 156s
[2026-09-16T08:42:03] FY2021 download complete in 156s -> /Users/maxghenis/ThesisInstitute/procurement/data/raw/bidders_us/zips/FY2021_All_Contracts_Full.zip
[2026-09-16T08:42:03] done in 929s; errors={2020: 'could not size https://files.usaspending.gov/award_data_archive/FY2020_All_Contracts_Full_20260906.zip'}
